<html>
<body>
<pre>
<h1>µVision Build Log</h1>
<h2>Project:</h2>
C:\Users\Admin\Desktop\lcd 1\lcd1.c
Project File Date:  07/23/2024

<h2>Output:</h2>
Build target 'Target 1'
linking...
Program Size: Code=1768 RO-data=48 RW-data=0 ZI-data=1256  
FromELF: creating hex file...
".\lcd1.axf" - 0 Error(s), 0 Warning(s).
ng:  #1-D: last line of file ends without a newline
  }
LCD_main.c(17): warning:  #1-D: last line of file ends without a newline
  }
LCD_main.c: 3 warnings, 0 errors
linking...
Program Size: Code=1768 RO-data=48 RW-data=0 ZI-data=1256  
".\lcd1.axf" - 0 Error(s), 3 Warning(s).
